
> driveline-wheel-tire-client@1.0.0 dev
> vite


  [32m[1mVITE[22m v5.4.21[39m  [2mready in [0m[1m468[22m[2m[0m ms[22m

  [32m➜[39m  [1mLocal[22m:   [36mhttp://localhost:[1m5173[22m/[39m
[2m  [32m➜[39m  [1mNetwork[22m[2m: use [22m[1m--host[22m[2m to expose[22m
[2m[32m  ➜[39m[22m[2m  press [22m[1mh + enter[22m[2m to show help[22m
[2m16:45:19[22m [36m[1m[vite][22m[39m [32mhmr update [39m[2m/@fs/G:/aicode/part-mall/client/src/components/Header.jsx, /@fs/G:/aicode/part-mall/client/src/index.css[22m
[2m16:45:20[22m [36m[1m[vite][22m[39m [32mhmr update [39m[2m/@fs/G:/aicode/part-mall/client/src/pages/HomePage.jsx, /@fs/G:/aicode/part-mall/client/src/index.css[22m
[2m16:50:12[22m [36m[1m[vite][22m[39m [32mhmr update [39m[2m/@fs/G:/aicode/part-mall/client/src/pages/FAQ.jsx, /@fs/G:/aicode/part-mall/client/src/index.css[22m
[2m16:53:47[22m [36m[1m[vite][22m[39m [32mhmr update [39m[2m/src/components/ProductCard.jsx, /@fs/G:/aicode/part-mall/client/src/index.css[22m
[2m16:59:07[22m [36m[1m[vite][22m[39m [32mhmr update [39m[2m/@fs/G:/aicode/part-mall/client/src/pages/Contact.jsx, /@fs/G:/aicode/part-mall/client/src/index.css[22m
[2m16:59:07[22m [36m[1m[vite][22m[39m [32mhmr update [39m[2m/@fs/G:/aicode/part-mall/client/src/pages/Contact.jsx[22m
[2m16:59:07[22m [36m[1m[vite][22m[39m [33mhmr invalidate [39m[2m/@fs/G:/aicode/part-mall/client/src/pages/Contact.jsx[22m Could not Fast Refresh (new export)
[2m16:59:07[22m [36m[1m[vite][22m[39m [32mhmr update [39m[2m/@fs/G:/aicode/part-mall/client/src/App.jsx, /@fs/G:/aicode/part-mall/client/src/index.css[22m
[2m17:00:44[22m [36m[1m[vite][22m[39m [32mhmr update [39m[2m/@fs/G:/aicode/part-mall/client/src/App.jsx, /@fs/G:/aicode/part-mall/client/src/index.css[22m
[2m17:01:42[22m [36m[1m[vite][22m[39m [32mhmr update [39m[2m/src/components/ProductCard.jsx, /@fs/G:/aicode/part-mall/client/src/index.css[22m
[2m17:03:49[22m [36m[1m[vite][22m[39m [32mhmr update [39m[2m/@fs/G:/aicode/part-mall/client/src/components/Header.jsx, /@fs/G:/aicode/part-mall/client/src/index.css[22m
[2m17:27:55[22m [36m[1m[vite][22m[39m [32mhmr update [39m[2m/@fs/G:/aicode/part-mall/client/src/App.jsx, /@fs/G:/aicode/part-mall/client/src/index.css[22m
[2m17:27:56[22m [36m[1m[vite][22m[39m [32mhmr update [39m[2m/@fs/G:/aicode/part-mall/client/src/context/AuthContext.jsx, /@fs/G:/aicode/part-mall/client/src/index.css[22m
[2m17:27:56[22m [36m[1m[vite][22m[39m [33mhmr invalidate [39m[2m/@fs/G:/aicode/part-mall/client/src/context/AuthContext.jsx[22m Could not Fast Refresh ("default" export is incompatible). Learn more at https://github.com/vitejs/vite-plugin-react/tree/main/packages/plugin-react#consistent-components-exports
[2m17:27:56[22m [36m[1m[vite][22m[39m [32mhmr update [39m[2m/@fs/G:/aicode/part-mall/client/src/App.jsx, /@fs/G:/aicode/part-mall/client/src/index.css, /@fs/G:/aicode/part-mall/client/src/components/ProtectedRoute.jsx, /@fs/G:/aicode/part-mall/client/src/context/StoreContext.jsx, /@fs/G:/aicode/part-mall/client/src/components/SupportWidget.jsx, /@fs/G:/aicode/part-mall/client/src/components/AdminToolRail.jsx, /@fs/G:/aicode/part-mall/client/src/components/Header.jsx, /@fs/G:/aicode/part-mall/client/src/pages/Login.jsx, /src/components/FloatingSupport.jsx[22m
[2m17:27:56[22m [36m[1m[vite][22m[39m [33mhmr invalidate [39m[2m/@fs/G:/aicode/part-mall/client/src/context/StoreContext.jsx[22m Could not Fast Refresh ("useStore" export is incompatible). Learn more at https://github.com/vitejs/vite-plugin-react/tree/main/packages/plugin-react#consistent-components-exports
[2m17:27:56[22m [36m[1m[vite][22m[39m [32mhmr update [39m[2m/@fs/G:/aicode/part-mall/client/src/App.jsx, /@fs/G:/aicode/part-mall/client/src/index.css, /@fs/G:/aicode/part-mall/client/src/pages/HomePage.jsx, /@fs/G:/aicode/part-mall/client/src/components/SEOManager.jsx, /@fs/G:/aicode/part-mall/client/src/pages/Products.jsx, /@fs/G:/aicode/part-mall/client/src/pages/ProductDetail.jsx, /@fs/G:/aicode/part-mall/client/src/components/Header.jsx, /@fs/G:/aicode/part-mall/client/src/pages/Admin.jsx, /@fs/G:/aicode/part-mall/client/src/pages/QuoteRequest.jsx, /src/components/FloatingSupport.jsx[22m
[2m17:27:57[22m [36m[1m[vite][22m[39m [32mhmr update [39m[2m/@fs/G:/aicode/part-mall/client/src/context/AuthContext.jsx, /@fs/G:/aicode/part-mall/client/src/index.css, /@fs/G:/aicode/part-mall/client/src/pages/AdminFaqs.jsx, /@fs/G:/aicode/part-mall/client/src/context/StoreContext.jsx, /@fs/G:/aicode/part-mall/client/src/pages/AdminUsers.jsx, /@fs/G:/aicode/part-mall/client/src/pages/AdminArticles.jsx, /src/components/FloatingSupport.jsx[22m
[2m17:27:57[22m [36m[1m[vite][22m[39m [33mhmr invalidate [39m[2m/@fs/G:/aicode/part-mall/client/src/context/AuthContext.jsx[22m Could not Fast Refresh ("default" export is incompatible). Learn more at https://github.com/vitejs/vite-plugin-react/tree/main/packages/plugin-react#consistent-components-exports
[2m17:27:57[22m [36m[1m[vite][22m[39m [32mhmr update [39m[2m/@fs/G:/aicode/part-mall/client/src/App.jsx, /@fs/G:/aicode/part-mall/client/src/index.css, /@fs/G:/aicode/part-mall/client/src/components/ProtectedRoute.jsx, /@fs/G:/aicode/part-mall/client/src/context/StoreContext.jsx, /@fs/G:/aicode/part-mall/client/src/components/SupportWidget.jsx, /@fs/G:/aicode/part-mall/client/src/components/AdminToolRail.jsx, /@fs/G:/aicode/part-mall/client/src/components/Header.jsx, /@fs/G:/aicode/part-mall/client/src/pages/Login.jsx, /src/components/FloatingSupport.jsx[22m
[2m17:27:57[22m [36m[1m[vite][22m[39m [33mhmr invalidate [39m[2m/@fs/G:/aicode/part-mall/client/src/context/StoreContext.jsx[22m Could not Fast Refresh ("useStore" export is incompatible). Learn more at https://github.com/vitejs/vite-plugin-react/tree/main/packages/plugin-react#consistent-components-exports
[2m17:27:57[22m [36m[1m[vite][22m[39m [32mhmr update [39m[2m/@fs/G:/aicode/part-mall/client/src/App.jsx, /@fs/G:/aicode/part-mall/client/src/index.css, /@fs/G:/aicode/part-mall/client/src/pages/HomePage.jsx, /@fs/G:/aicode/part-mall/client/src/components/SEOManager.jsx, /@fs/G:/aicode/part-mall/client/src/pages/Products.jsx, /@fs/G:/aicode/part-mall/client/src/pages/ProductDetail.jsx, /@fs/G:/aicode/part-mall/client/src/components/Header.jsx, /@fs/G:/aicode/part-mall/client/src/pages/Admin.jsx, /@fs/G:/aicode/part-mall/client/src/pages/QuoteRequest.jsx, /src/components/FloatingSupport.jsx[22m
[2m17:30:19[22m [36m[1m[vite][22m[39m [32mhmr update [39m[2m/@fs/G:/aicode/part-mall/client/src/pages/Contact.jsx, /@fs/G:/aicode/part-mall/client/src/index.css[22m
[2m17:30:20[22m [36m[1m[vite][22m[39m [32mhmr update [39m[2m/@fs/G:/aicode/part-mall/client/src/pages/Login.jsx, /@fs/G:/aicode/part-mall/client/src/index.css[22m
[2m17:30:48[22m [36m[1m[vite][22m[39m [32mhmr update [39m[2m/@fs/G:/aicode/part-mall/client/src/pages/Login.jsx, /@fs/G:/aicode/part-mall/client/src/index.css[22m
[2m20:04:54[22m [36m[1m[vite][22m[39m [32mhmr update [39m[2m/@fs/G:/aicode/part-mall/client/src/context/AuthContext.jsx, /@fs/G:/aicode/part-mall/client/src/index.css, /@fs/G:/aicode/part-mall/client/src/pages/AdminFaqs.jsx, /@fs/G:/aicode/part-mall/client/src/context/StoreContext.jsx, /@fs/G:/aicode/part-mall/client/src/pages/AdminUsers.jsx, /@fs/G:/aicode/part-mall/client/src/pages/AdminArticles.jsx, /src/components/FloatingSupport.jsx[22m
[2m20:04:54[22m [36m[1m[vite][22m[39m [33mhmr invalidate [39m[2m/@fs/G:/aicode/part-mall/client/src/context/AuthContext.jsx[22m Could not Fast Refresh ("default" export is incompatible). Learn more at https://github.com/vitejs/vite-plugin-react/tree/main/packages/plugin-react#consistent-components-exports
[2m20:04:54[22m [36m[1m[vite][22m[39m [32mhmr update [39m[2m/@fs/G:/aicode/part-mall/client/src/App.jsx, /@fs/G:/aicode/part-mall/client/src/index.css, /@fs/G:/aicode/part-mall/client/src/components/ProtectedRoute.jsx, /@fs/G:/aicode/part-mall/client/src/context/StoreContext.jsx, /@fs/G:/aicode/part-mall/client/src/components/SupportWidget.jsx, /@fs/G:/aicode/part-mall/client/src/components/AdminToolRail.jsx, /@fs/G:/aicode/part-mall/client/src/components/Header.jsx, /@fs/G:/aicode/part-mall/client/src/pages/Login.jsx, /src/components/FloatingSupport.jsx, /@fs/G:/aicode/part-mall/client/src/pages/Contact.jsx[22m
[2m20:04:54[22m [36m[1m[vite][22m[39m [33mhmr invalidate [39m[2m/@fs/G:/aicode/part-mall/client/src/context/StoreContext.jsx[22m Could not Fast Refresh ("useStore" export is incompatible). Learn more at https://github.com/vitejs/vite-plugin-react/tree/main/packages/plugin-react#consistent-components-exports
[2m20:04:54[22m [36m[1m[vite][22m[39m [32mhmr update [39m[2m/@fs/G:/aicode/part-mall/client/src/App.jsx, /@fs/G:/aicode/part-mall/client/src/index.css, /@fs/G:/aicode/part-mall/client/src/pages/HomePage.jsx, /@fs/G:/aicode/part-mall/client/src/components/SEOManager.jsx, /@fs/G:/aicode/part-mall/client/src/pages/Products.jsx, /@fs/G:/aicode/part-mall/client/src/pages/ProductDetail.jsx, /@fs/G:/aicode/part-mall/client/src/components/Header.jsx, /@fs/G:/aicode/part-mall/client/src/pages/Admin.jsx, /@fs/G:/aicode/part-mall/client/src/pages/QuoteRequest.jsx, /src/components/FloatingSupport.jsx[22m
[2m20:04:55[22m [36m[1m[vite][22m[39m [32mhmr update [39m[2m/@fs/G:/aicode/part-mall/client/src/context/AuthContext.jsx, /@fs/G:/aicode/part-mall/client/src/index.css[22m
[2m20:04:55[22m [36m[1m[vite][22m[39m [33mhmr invalidate [39m[2m/@fs/G:/aicode/part-mall/client/src/context/AuthContext.jsx[22m Could not Fast Refresh ("default" export is incompatible). Learn more at https://github.com/vitejs/vite-plugin-react/tree/main/packages/plugin-react#consistent-components-exports
[2m20:04:55[22m [36m[1m[vite][22m[39m [32mhmr update [39m[2m/@fs/G:/aicode/part-mall/client/src/App.jsx, /@fs/G:/aicode/part-mall/client/src/index.css, /@fs/G:/aicode/part-mall/client/src/components/ProtectedRoute.jsx, /@fs/G:/aicode/part-mall/client/src/context/StoreContext.jsx, /@fs/G:/aicode/part-mall/client/src/components/SupportWidget.jsx, /@fs/G:/aicode/part-mall/client/src/components/AdminToolRail.jsx, /@fs/G:/aicode/part-mall/client/src/components/Header.jsx, /@fs/G:/aicode/part-mall/client/src/pages/Login.jsx, /src/components/FloatingSupport.jsx, /@fs/G:/aicode/part-mall/client/src/pages/Contact.jsx[22m
[2m20:05:17[22m [36m[1m[vite][22m[39m [32mhmr update [39m[2m/@fs/G:/aicode/part-mall/client/src/components/AdminToolRail.jsx, /@fs/G:/aicode/part-mall/client/src/index.css[22m
[2m20:05:18[22m [36m[1m[vite][22m[39m [32mhmr update [39m[2m/@fs/G:/aicode/part-mall/client/src/App.jsx, /@fs/G:/aicode/part-mall/client/src/index.css[22m
[2m20:05:19[22m [36m[1m[vite][22m[39m [32mhmr update [39m[2m/@fs/G:/aicode/part-mall/client/src/index.css, /@fs/G:/aicode/part-mall/client/src/components/SEOManager.jsx[22m
[2m20:06:09[22m [36m[1m[vite][22m[39m [32mhmr update [39m[2m/@fs/G:/aicode/part-mall/client/src/pages/AdminUsers.jsx, /@fs/G:/aicode/part-mall/client/src/index.css[22m
[2m20:06:48[22m [36m[1m[vite][22m[39m [32mhmr update [39m[2m/@fs/G:/aicode/part-mall/client/src/pages/AdminUsers.jsx[22m
[2m20:07:21[22m [36m[1m[vite][22m[39m [32mhmr update [39m[2m/@fs/G:/aicode/part-mall/client/src/components/SupportWidget.jsx, /@fs/G:/aicode/part-mall/client/src/index.css[22m
[2m20:07:21[22m [36m[1m[vite][22m[39m [32mhmr update [39m[2m/src/components/FloatingSupport.jsx, /@fs/G:/aicode/part-mall/client/src/index.css[22m
[2m20:07:22[22m [36m[1m[vite][22m[39m [32mhmr update [39m[2m/@fs/G:/aicode/part-mall/client/src/components/Header.jsx, /@fs/G:/aicode/part-mall/client/src/index.css[22m
[2m20:09:16[22m [36m[1m[vite][22m[39m [32mhmr update [39m[2m/@fs/G:/aicode/part-mall/client/src/pages/Login.jsx, /@fs/G:/aicode/part-mall/client/src/index.css[22m
[2m20:09:48[22m [36m[1m[vite][22m[39m [32mhmr update [39m[2m/@fs/G:/aicode/part-mall/client/src/pages/Login.jsx, /@fs/G:/aicode/part-mall/client/src/index.css[22m
[2m20:12:38[22m [36m[1m[vite][22m[39m [32mhmr update [39m[2m/@fs/G:/aicode/part-mall/client/src/context/AuthContext.jsx, /@fs/G:/aicode/part-mall/client/src/index.css[22m
[2m20:12:38[22m [36m[1m[vite][22m[39m [33mhmr invalidate [39m[2m/@fs/G:/aicode/part-mall/client/src/context/AuthContext.jsx[22m Could not Fast Refresh ("default" export is incompatible). Learn more at https://github.com/vitejs/vite-plugin-react/tree/main/packages/plugin-react#consistent-components-exports
[2m20:12:38[22m [36m[1m[vite][22m[39m [32mhmr update [39m[2m/@fs/G:/aicode/part-mall/client/src/App.jsx, /@fs/G:/aicode/part-mall/client/src/index.css, /@fs/G:/aicode/part-mall/client/src/components/ProtectedRoute.jsx, /@fs/G:/aicode/part-mall/client/src/context/StoreContext.jsx, /@fs/G:/aicode/part-mall/client/src/components/SupportWidget.jsx, /@fs/G:/aicode/part-mall/client/src/components/AdminToolRail.jsx, /@fs/G:/aicode/part-mall/client/src/components/Header.jsx, /@fs/G:/aicode/part-mall/client/src/pages/Login.jsx, /src/components/FloatingSupport.jsx, /@fs/G:/aicode/part-mall/client/src/pages/Contact.jsx[22m
[2m20:12:39[22m [36m[1m[vite][22m[39m [33mhmr invalidate [39m[2m/@fs/G:/aicode/part-mall/client/src/context/StoreContext.jsx[22m Could not Fast Refresh ("useStore" export is incompatible). Learn more at https://github.com/vitejs/vite-plugin-react/tree/main/packages/plugin-react#consistent-components-exports
[2m20:12:39[22m [36m[1m[vite][22m[39m [32mhmr update [39m[2m/@fs/G:/aicode/part-mall/client/src/App.jsx, /@fs/G:/aicode/part-mall/client/src/index.css, /@fs/G:/aicode/part-mall/client/src/pages/HomePage.jsx, /@fs/G:/aicode/part-mall/client/src/components/SEOManager.jsx, /@fs/G:/aicode/part-mall/client/src/pages/Products.jsx, /@fs/G:/aicode/part-mall/client/src/pages/ProductDetail.jsx, /@fs/G:/aicode/part-mall/client/src/components/Header.jsx, /@fs/G:/aicode/part-mall/client/src/pages/Admin.jsx, /@fs/G:/aicode/part-mall/client/src/pages/QuoteRequest.jsx, /src/components/FloatingSupport.jsx[22m
[2m20:12:39[22m [36m[1m[vite][22m[39m [32mhmr update [39m[2m/@fs/G:/aicode/part-mall/client/src/pages/AdminUsers.jsx, /@fs/G:/aicode/part-mall/client/src/index.css[22m
[2m20:12:40[22m [36m[1m[vite][22m[39m [32mhmr update [39m[2m/src/components/FloatingSupport.jsx, /@fs/G:/aicode/part-mall/client/src/index.css[22m
[2m20:12:41[22m [36m[1m[vite][22m[39m [32mhmr update [39m[2m/@fs/G:/aicode/part-mall/client/src/components/SupportWidget.jsx, /@fs/G:/aicode/part-mall/client/src/index.css[22m
[2m20:12:42[22m [36m[1m[vite][22m[39m [32mhmr update [39m[2m/@fs/G:/aicode/part-mall/client/src/components/Header.jsx, /@fs/G:/aicode/part-mall/client/src/index.css[22m
[2m20:12:42[22m [36m[1m[vite][22m[39m [32mhmr update [39m[2m/@fs/G:/aicode/part-mall/client/src/index.css, /@fs/G:/aicode/part-mall/client/src/components/SEOManager.jsx[22m
[2m21:43:24[22m [36m[1m[vite][22m[39m [32mhmr update [39m[2m/@fs/G:/aicode/part-mall/client/src/context/AuthContext.jsx, /@fs/G:/aicode/part-mall/client/src/index.css, /@fs/G:/aicode/part-mall/client/src/pages/AdminFaqs.jsx, /@fs/G:/aicode/part-mall/client/src/context/StoreContext.jsx, /@fs/G:/aicode/part-mall/client/src/pages/AdminArticles.jsx, /src/components/FloatingSupport.jsx, /@fs/G:/aicode/part-mall/client/src/pages/AdminUsers.jsx[22m
[2m21:43:24[22m [36m[1m[vite][22m[39m [33mhmr invalidate [39m[2m/@fs/G:/aicode/part-mall/client/src/context/AuthContext.jsx[22m Could not Fast Refresh ("default" export is incompatible). Learn more at https://github.com/vitejs/vite-plugin-react/tree/main/packages/plugin-react#consistent-components-exports
[2m21:43:24[22m [36m[1m[vite][22m[39m [32mhmr update [39m[2m/@fs/G:/aicode/part-mall/client/src/App.jsx, /@fs/G:/aicode/part-mall/client/src/index.css, /@fs/G:/aicode/part-mall/client/src/components/ProtectedRoute.jsx, /@fs/G:/aicode/part-mall/client/src/context/StoreContext.jsx, /@fs/G:/aicode/part-mall/client/src/components/SupportWidget.jsx, /@fs/G:/aicode/part-mall/client/src/components/AdminToolRail.jsx, /@fs/G:/aicode/part-mall/client/src/components/Header.jsx, /@fs/G:/aicode/part-mall/client/src/pages/Login.jsx, /src/components/FloatingSupport.jsx, /@fs/G:/aicode/part-mall/client/src/pages/Contact.jsx[22m
[2m21:43:24[22m [36m[1m[vite][22m[39m [33mhmr invalidate [39m[2m/@fs/G:/aicode/part-mall/client/src/context/StoreContext.jsx[22m Could not Fast Refresh ("useStore" export is incompatible). Learn more at https://github.com/vitejs/vite-plugin-react/tree/main/packages/plugin-react#consistent-components-exports
[2m21:43:24[22m [36m[1m[vite][22m[39m [32mhmr update [39m[2m/@fs/G:/aicode/part-mall/client/src/App.jsx, /@fs/G:/aicode/part-mall/client/src/index.css, /@fs/G:/aicode/part-mall/client/src/pages/HomePage.jsx, /@fs/G:/aicode/part-mall/client/src/components/SEOManager.jsx, /@fs/G:/aicode/part-mall/client/src/pages/Products.jsx, /@fs/G:/aicode/part-mall/client/src/pages/ProductDetail.jsx, /@fs/G:/aicode/part-mall/client/src/components/Header.jsx, /@fs/G:/aicode/part-mall/client/src/pages/Admin.jsx, /@fs/G:/aicode/part-mall/client/src/pages/QuoteRequest.jsx, /src/components/FloatingSupport.jsx[22m
[2m21:44:56[22m [36m[1m[vite][22m[39m [32mhmr update [39m[2m/src/components/FloatingSupport.jsx, /@fs/G:/aicode/part-mall/client/src/index.css[22m
[2m21:45:55[22m [36m[1m[vite][22m[39m [32mhmr update [39m[2m/src/components/FloatingSupport.jsx[22m
[2m21:48:19[22m [36m[1m[vite][22m[39m [32mhmr update [39m[2m/@fs/G:/aicode/part-mall/client/src/components/ProtectedRoute.jsx, /@fs/G:/aicode/part-mall/client/src/index.css[22m
[2m21:48:20[22m [36m[1m[vite][22m[39m [33mhmr invalidate [39m[2m/@fs/G:/aicode/part-mall/client/src/components/ProtectedRoute.jsx[22m Could not Fast Refresh (new export)
[2m21:48:20[22m [36m[1m[vite][22m[39m [32mhmr update [39m[2m/@fs/G:/aicode/part-mall/client/src/App.jsx, /@fs/G:/aicode/part-mall/client/src/index.css[22m
[2m21:48:20[22m [36m[1m[vite][22m[39m [32mhmr update [39m[2m/@fs/G:/aicode/part-mall/client/src/App.jsx, /@fs/G:/aicode/part-mall/client/src/index.css[22m
[2m21:48:21[22m [36m[1m[vite][22m[39m [32mhmr update [39m[2m/@fs/G:/aicode/part-mall/client/src/index.css, /@fs/G:/aicode/part-mall/client/src/components/SEOManager.jsx[22m
[2m21:48:47[22m [36m[1m[vite][22m[39m [32mhmr update [39m[2m/@fs/G:/aicode/part-mall/client/src/components/SupportWidget.jsx, /@fs/G:/aicode/part-mall/client/src/index.css[22m
[2m21:48:48[22m [36m[1m[vite][22m[39m [32mhmr update [39m[2m/@fs/G:/aicode/part-mall/client/src/components/AdminToolRail.jsx, /@fs/G:/aicode/part-mall/client/src/index.css[22m
[2m21:48:49[22m [36m[1m[vite][22m[39m [32mhmr update [39m[2m/@fs/G:/aicode/part-mall/client/src/components/Header.jsx, /@fs/G:/aicode/part-mall/client/src/index.css[22m
[2m21:51:33[22m [36m[1m[vite][22m[39m [32mhmr update [39m[2m/@fs/G:/aicode/part-mall/client/src/components/SupportWidget.jsx, /@fs/G:/aicode/part-mall/client/src/index.css[22m
[2m21:51:34[22m [36m[1m[vite][22m[39m [32mhmr update [39m[2m/src/pages/SupportInbox.jsx, /@fs/G:/aicode/part-mall/client/src/index.css[22m
[2m10:04:32[22m [36m[1m[vite][22m[39m [32mhmr update [39m[2m/@fs/G:/aicode/part-mall/client/src/pages/FAQ.jsx, /@fs/G:/aicode/part-mall/client/src/index.css[22m
[2m10:04:52[22m [36m[1m[vite][22m[39m [32mhmr update [39m[2m/@fs/G:/aicode/part-mall/client/src/pages/FAQ.jsx, /@fs/G:/aicode/part-mall/client/src/index.css[22m
[2m10:05:58[22m [36m[1m[vite][22m[39m [32mhmr update [39m[2m/@fs/G:/aicode/part-mall/client/src/pages/FAQ.jsx, /@fs/G:/aicode/part-mall/client/src/index.css[22m
[2m10:06:04[22m [36m[1m[vite][22m[39m [32mhmr update [39m[2m/@fs/G:/aicode/part-mall/client/src/pages/FAQ.jsx, /@fs/G:/aicode/part-mall/client/src/index.css[22m
[2m10:46:34[22m [36m[1m[vite][22m[39m [32mhmr update [39m[2m/@fs/G:/aicode/part-mall/client/src/pages/FAQ.jsx, /@fs/G:/aicode/part-mall/client/src/index.css[22m
[2m10:57:26[22m [36m[1m[vite][22m[39m [32mhmr update [39m[2m/@fs/G:/aicode/part-mall/client/src/pages/FAQ.jsx, /@fs/G:/aicode/part-mall/client/src/index.css[22m
[2m10:58:01[22m [36m[1m[vite][22m[39m [32mhmr update [39m[2m/@fs/G:/aicode/part-mall/client/src/pages/FAQ.jsx, /@fs/G:/aicode/part-mall/client/src/index.css[22m
[2m10:58:36[22m [36m[1m[vite][22m[39m [32mhmr update [39m[2m/@fs/G:/aicode/part-mall/client/src/App.jsx, /@fs/G:/aicode/part-mall/client/src/index.css[22m
[2m10:58:36[22m [36m[1m[vite][22m[39m [32mpage reload [39m[2mG:/aicode/part-mall/client/src/main.jsx[22m
[2m10:58:38[22m [36m[1m[vite][22m[39m [32mhmr update [39m[2m/@fs/G:/aicode/part-mall/client/src/components/SEOManager.jsx, /@fs/G:/aicode/part-mall/client/src/index.css[22m
[2m10:58:38[22m [36m[1m[vite][22m[39m [32mhmr update [39m[2m/@fs/G:/aicode/part-mall/client/src/index.css, /@fs/G:/aicode/part-mall/client/src/components/SEOManager.jsx[22m
[2m11:06:43[22m [36m[1m[vite][22m[39m [32mhmr update [39m[2m/@fs/G:/aicode/part-mall/client/src/pages/NewsBlog.jsx, /@fs/G:/aicode/part-mall/client/src/index.css[22m
[2m11:07:29[22m [31m[1m[vite][22m[39m Pre-transform error: Failed to load url /@fs/G:/aicode/part-mall/client/src/pages/NewsBlog.jsx (resolved id: G:/aicode/part-mall/client/src/pages/NewsBlog.jsx) in G:/aicode/part-mall/client/src/App.jsx. Does the file exist?
[2m11:07:46[22m [36m[1m[vite][22m[39m [32mhmr update [39m[2m/@fs/G:/aicode/part-mall/client/src/pages/NewsBlog.jsx[22m
[2m11:07:57[22m [36m[1m[vite][22m[39m [32mhmr update [39m[2m/@fs/G:/aicode/part-mall/client/src/pages/ArticleDetail.jsx, /@fs/G:/aicode/part-mall/client/src/index.css[22m
[2m11:08:26[22m [36m[1m[vite][22m[39m [32mhmr update [39m[2m/@fs/G:/aicode/part-mall/client/src/pages/ArticleDetail.jsx, /@fs/G:/aicode/part-mall/client/src/index.css[22m
[2m11:09:10[22m [36m[1m[vite][22m[39m [32mhmr update [39m[2m/@fs/G:/aicode/part-mall/client/src/App.jsx, /@fs/G:/aicode/part-mall/client/src/index.css[22m
[2m11:09:11[22m [36m[1m[vite][22m[39m [32mpage reload [39m[2mG:/aicode/part-mall/client/src/main.jsx[22m
[2m11:09:12[22m [36m[1m[vite][22m[39m [32mhmr update [39m[2m/@fs/G:/aicode/part-mall/client/src/components/SEOManager.jsx, /@fs/G:/aicode/part-mall/client/src/index.css[22m
[2m11:09:13[22m [36m[1m[vite][22m[39m [32mhmr update [39m[2m/@fs/G:/aicode/part-mall/client/src/index.css, /@fs/G:/aicode/part-mall/client/src/components/SEOManager.jsx[22m
[2m11:09:41[22m [36m[1m[vite][22m[39m [32mhmr update [39m[2m/@fs/G:/aicode/part-mall/client/src/pages/ArticleDetail.jsx, /@fs/G:/aicode/part-mall/client/src/index.css[22m
[2m11:10:08[22m [36m[1m[vite][22m[39m [32mhmr update [39m[2m/@fs/G:/aicode/part-mall/client/src/pages/AdminArticles.jsx, /@fs/G:/aicode/part-mall/client/src/index.css[22m
[2m11:10:58[22m [36m[1m[vite][22m[39m [32mhmr update [39m[2m/@fs/G:/aicode/part-mall/client/src/index.css, /@fs/G:/aicode/part-mall/client/src/pages/HomePage.jsx, /@fs/G:/aicode/part-mall/client/src/pages/ProductDetail.jsx, /@fs/G:/aicode/part-mall/client/src/pages/ServicePage.jsx, /@fs/G:/aicode/part-mall/client/src/components/SEOManager.jsx, /src/components/ProductCard.jsx[22m
[2m11:11:14[22m [36m[1m[vite][22m[39m [32mhmr update [39m[2m/@fs/G:/aicode/part-mall/client/src/pages/NewsBlog.jsx, /@fs/G:/aicode/part-mall/client/src/index.css[22m
[2m11:11:15[22m [36m[1m[vite][22m[39m [32mhmr update [39m[2m/@fs/G:/aicode/part-mall/client/src/pages/ArticleDetail.jsx, /@fs/G:/aicode/part-mall/client/src/index.css[22m
[2m11:21:19[22m [31m[1m[vite][22m[39m [31mws proxy error:[39m
Error: read ECONNRESET
    at TCP.onStreamRead (node:internal/stream_base_commons:218:20)
