◇ injected env (3) from .env // tip: ◈ encrypted .env [www.dotenvx.com]
JWT_SECRET is missing or weak; using an ephemeral development secret. Existing sessions will expire after restart.
  WebSocket server: ws://localhost:3001/ws
╔══════════════════════════════════════════╗
║     Driveline Wheels                     ║
║     Wheels, Tires & Fitment Solutions    ║
║   HTTP:   http://localhost:3001                    ║
║   WS:     ws://localhost:3001/ws                    ║
║   Mode:   development                  ║
╚══════════════════════════════════════════╝
[2026-08-20T08:06:45.009Z] GET /api/health
[2026-08-21T03:07:25.375Z] GET /api/faqs
[2026-08-21T03:07:25.381Z] GET /api/faqs
[2026-08-21T03:18:20.138Z] GET /api/faqs
[2026-08-21T03:18:20.141Z] GET /api/faqs
[2026-08-21T03:18:23.233Z] GET /api/articles
[2026-08-21T03:18:23.235Z] GET /api/articles
[2026-08-21T03:18:26.034Z] GET /api/faqs
[2026-08-21T03:18:26.037Z] GET /api/faqs
[2026-08-21T03:18:37.168Z] GET /api/faqs
[2026-08-21T03:18:37.170Z] GET /api/faqs
[2026-08-21T03:18:41.360Z] GET /api/articles
[2026-08-21T03:18:41.363Z] GET /api/articles
[2026-08-21T03:19:47.859Z] GET /api/faqs
[2026-08-21T03:19:49.905Z] GET /api/articles
